=== RUN   TestAdminHandler_Login
=== RUN   TestAdminHandler_Login/Successful_Login
=== RUN   TestAdminHandler_Login/User_Not_Found
=== RUN   TestAdminHandler_Login/Wrong_Password
=== RUN   TestAdminHandler_Login/Invalid_JSON
--- PASS: TestAdminHandler_Login (0.16s)
    --- PASS: TestAdminHandler_Login/Successful_Login (0.05s)
    --- PASS: TestAdminHandler_Login/User_Not_Found (0.00s)
    --- PASS: TestAdminHandler_Login/Wrong_Password (0.05s)
    --- PASS: TestAdminHandler_Login/Invalid_JSON (0.00s)
=== RUN   TestAdminHandler_Login_MissingSecret
--- PASS: TestAdminHandler_Login_MissingSecret (0.10s)
=== RUN   TestBountyHandler_List
=== RUN   TestBountyHandler_List/Success
--- PASS: TestBountyHandler_List (0.00s)
    --- PASS: TestBountyHandler_List/Success (0.00s)
=== RUN   TestBountyHandler_Create
=== RUN   TestBountyHandler_Create/Success
=== RUN   TestBountyHandler_Create/Validation_Error
--- PASS: TestBountyHandler_Create (0.00s)
    --- PASS: TestBountyHandler_Create/Success (0.00s)
    --- PASS: TestBountyHandler_Create/Validation_Error (0.00s)
=== RUN   TestBountyHandler_Update
=== RUN   TestBountyHandler_Update/Success
--- PASS: TestBountyHandler_Update (0.00s)
    --- PASS: TestBountyHandler_Update/Success (0.00s)
=== RUN   TestBountyHandler_SubmitOffer
=== RUN   TestBountyHandler_SubmitOffer/Success
--- PASS: TestBountyHandler_SubmitOffer (0.00s)
    --- PASS: TestBountyHandler_SubmitOffer/Success (0.00s)
=== RUN   TestBountyHandler_CreateRequest
=== RUN   TestBountyHandler_CreateRequest/Success
--- PASS: TestBountyHandler_CreateRequest (0.00s)
    --- PASS: TestBountyHandler_CreateRequest/Success (0.00s)
=== RUN   TestBountyHandler_ListOffers
[2026-04-08 17:26:04] [[33mWARN[0m] Decryption failed (returning original value): failed to decode base64: illegal base64 data at input byte 4
--- PASS: TestBountyHandler_ListOffers (0.00s)
=== RUN   TestBountyHandler_UpdateOfferStatus
=== RUN   TestBountyHandler_UpdateOfferStatus/Success
[2026-04-08 17:26:04] [[33mWARN[0m] Decryption failed (returning original value): failed to decode base64: illegal base64 data at input byte 4
--- PASS: TestBountyHandler_UpdateOfferStatus (0.00s)
    --- PASS: TestBountyHandler_UpdateOfferStatus/Success (0.00s)
=== RUN   TestBountyHandler_ListRequests
[2026-04-08 17:26:04] [[33mWARN[0m] Decryption failed (returning original value): failed to decode base64: illegal base64 data at input byte 4
--- PASS: TestBountyHandler_ListRequests (0.00s)
=== RUN   TestBountyHandler_UpdateRequestStatus
=== RUN   TestBountyHandler_UpdateRequestStatus/Success
--- PASS: TestBountyHandler_UpdateRequestStatus (0.00s)
    --- PASS: TestBountyHandler_UpdateRequestStatus/Success (0.00s)
=== RUN   TestBountyHandler_Delete
--- PASS: TestBountyHandler_Delete (0.00s)
=== RUN   TestCategoriesHandler_List
=== RUN   TestCategoriesHandler_List/Admin_List
=== RUN   TestCategoriesHandler_List/Public_List
--- PASS: TestCategoriesHandler_List (0.00s)
    --- PASS: TestCategoriesHandler_List/Admin_List (0.00s)
    --- PASS: TestCategoriesHandler_List/Public_List (0.00s)
=== RUN   TestCategoriesHandler_Create
=== RUN   TestCategoriesHandler_Create/Success
=== RUN   TestCategoriesHandler_Create/DB_Error
--- PASS: TestCategoriesHandler_Create (0.00s)
    --- PASS: TestCategoriesHandler_Create/Success (0.00s)
    --- PASS: TestCategoriesHandler_Create/DB_Error (0.00s)
=== RUN   TestCategoriesHandler_Update
=== RUN   TestCategoriesHandler_Update/Success
=== RUN   TestCategoriesHandler_Update/DB_General_Error
--- PASS: TestCategoriesHandler_Update (0.00s)
    --- PASS: TestCategoriesHandler_Update/Success (0.00s)
    --- PASS: TestCategoriesHandler_Update/DB_General_Error (0.00s)
=== RUN   TestCategoriesHandler_Delete
=== RUN   TestCategoriesHandler_Delete/Success
=== RUN   TestCategoriesHandler_Delete/Error
--- PASS: TestCategoriesHandler_Delete (0.00s)
    --- PASS: TestCategoriesHandler_Delete/Success (0.00s)
    --- PASS: TestCategoriesHandler_Delete/Error (0.00s)
=== RUN   TestConstructors
--- PASS: TestConstructors (0.00s)
=== RUN   TestCustomerAdminHandler_ListCustomers
--- PASS: TestCustomerAdminHandler_ListCustomers (0.00s)
=== RUN   TestCustomerAdminHandler_GetCustomerDetail
=== RUN   TestCustomerAdminHandler_GetCustomerDetail/Success
=== RUN   TestCustomerAdminHandler_GetCustomerDetail/Not_Found
Error fetching customer nonexistent : assert.AnError general error for testing
--- PASS: TestCustomerAdminHandler_GetCustomerDetail (0.00s)
    --- PASS: TestCustomerAdminHandler_GetCustomerDetail/Success (0.00s)
    --- PASS: TestCustomerAdminHandler_GetCustomerDetail/Not_Found (0.00s)
=== RUN   TestCustomerAdminHandler_AddNote
=== RUN   TestCustomerAdminHandler_AddNote/Success
--- PASS: TestCustomerAdminHandler_AddNote (0.00s)
    --- PASS: TestCustomerAdminHandler_AddNote/Success (0.00s)
=== RUN   TestHealthHandler_Ping
=== RUN   TestHealthHandler_Ping/Success
=== RUN   TestHealthHandler_Ping/DB_Error
=== RUN   TestHealthHandler_Ping/No_DB
--- PASS: TestHealthHandler_Ping (0.00s)
    --- PASS: TestHealthHandler_Ping/Success (0.00s)
    --- PASS: TestHealthHandler_Ping/DB_Error (0.00s)
    --- PASS: TestHealthHandler_Ping/No_DB (0.00s)
=== RUN   TestHealthHandler_GetStats
=== RUN   TestHealthHandler_GetStats/Success
=== RUN   TestHealthHandler_GetStats/No_DB
--- PASS: TestHealthHandler_GetStats (0.00s)
    --- PASS: TestHealthHandler_GetStats/Success (0.00s)
    --- PASS: TestHealthHandler_GetStats/No_DB (0.00s)
=== RUN   TestLogHandler_Receive
=== RUN   TestLogHandler_Receive/Success_Info
[2026-04-08 17:26:04] [[32mINFO[0m] [frontend] Test message | context: {"user_id":"123"}
=== RUN   TestLogHandler_Receive/Success_Error
[2026-04-08 17:26:04] [[31mERROR[0m] [frontend] Critical error
=== RUN   TestLogHandler_Receive/Invalid_JSON
=== RUN   TestLogHandler_Receive/Unknown_Level
[2026-04-08 17:26:04] [[32mINFO[0m] [frontend] [custom] Custom trace
--- PASS: TestLogHandler_Receive (0.00s)
    --- PASS: TestLogHandler_Receive/Success_Info (0.00s)
    --- PASS: TestLogHandler_Receive/Success_Error (0.00s)
    --- PASS: TestLogHandler_Receive/Invalid_JSON (0.00s)
    --- PASS: TestLogHandler_Receive/Unknown_Level (0.00s)
=== RUN   TestLookupHandler_MTG
=== RUN   TestLookupHandler_MTG/Success
=== RUN   TestLookupHandler_MTG/Missing_Name
=== RUN   TestLookupHandler_MTG/Not_Found
--- PASS: TestLookupHandler_MTG (0.21s)
    --- PASS: TestLookupHandler_MTG/Success (0.10s)
    --- PASS: TestLookupHandler_MTG/Missing_Name (0.00s)
    --- PASS: TestLookupHandler_MTG/Not_Found (0.10s)
=== RUN   TestLookupHandler_BatchMTG
=== RUN   TestLookupHandler_BatchMTG/Success
=== RUN   TestLookupHandler_BatchMTG/Invalid_JSON
--- PASS: TestLookupHandler_BatchMTG (0.00s)
    --- PASS: TestLookupHandler_BatchMTG/Success (0.00s)
    --- PASS: TestLookupHandler_BatchMTG/Invalid_JSON (0.00s)
=== RUN   TestLookupHandler_Pokemon_Error
=== RUN   TestLookupHandler_Pokemon_Error/Missing_Name
=== RUN   TestLookupHandler_Pokemon_Error/Pokemon_Bad_Gateway
=== RUN   TestLookupHandler_Pokemon_Error/Pokemon_Not_Found
--- PASS: TestLookupHandler_Pokemon_Error (10.01s)
    --- PASS: TestLookupHandler_Pokemon_Error/Missing_Name (0.00s)
    --- PASS: TestLookupHandler_Pokemon_Error/Pokemon_Bad_Gateway (10.01s)
    --- PASS: TestLookupHandler_Pokemon_Error/Pokemon_Not_Found (0.00s)
=== RUN   TestLookupHandler_Pokemon
=== RUN   TestLookupHandler_Pokemon/Success
--- PASS: TestLookupHandler_Pokemon (0.00s)
    --- PASS: TestLookupHandler_Pokemon/Success (0.00s)
=== RUN   TestNewsletterHandler_Subscribe
=== RUN   TestNewsletterHandler_Subscribe/New_Subscription
=== RUN   TestNewsletterHandler_Subscribe/Already_Subscribed
=== RUN   TestNewsletterHandler_Subscribe/Subscribed_with_Customer_Match
--- PASS: TestNewsletterHandler_Subscribe (0.00s)
    --- PASS: TestNewsletterHandler_Subscribe/New_Subscription (0.00s)
    --- PASS: TestNewsletterHandler_Subscribe/Already_Subscribed (0.00s)
    --- PASS: TestNewsletterHandler_Subscribe/Subscribed_with_Customer_Match (0.00s)
=== RUN   TestNewsletterHandler_Unsubscribe
--- PASS: TestNewsletterHandler_Unsubscribe (0.00s)
=== RUN   TestNewsletterHandler_AdminGetSubscribers
--- PASS: TestNewsletterHandler_AdminGetSubscribers (0.00s)
=== RUN   TestNoticeHandler_AdminList
=== RUN   TestNoticeHandler_AdminList/Success
=== RUN   TestNoticeHandler_AdminList/DB_Error
[2026-04-08 17:26:14] [[31mERROR[0m] Error listing notices: db error
--- PASS: TestNoticeHandler_AdminList (0.00s)
    --- PASS: TestNoticeHandler_AdminList/Success (0.00s)
    --- PASS: TestNoticeHandler_AdminList/DB_Error (0.00s)
=== RUN   TestNoticeHandler_Create
=== RUN   TestNoticeHandler_Create/Success
=== RUN   TestNoticeHandler_Create/Invalid_JSON
--- PASS: TestNoticeHandler_Create (0.00s)
    --- PASS: TestNoticeHandler_Create/Success (0.00s)
    --- PASS: TestNoticeHandler_Create/Invalid_JSON (0.00s)
=== RUN   TestNoticeHandler_Update
=== RUN   TestNoticeHandler_Update/Success
=== RUN   TestNoticeHandler_Update/Invalid_Body
--- PASS: TestNoticeHandler_Update (0.00s)
    --- PASS: TestNoticeHandler_Update/Success (0.00s)
    --- PASS: TestNoticeHandler_Update/Invalid_Body (0.00s)
=== RUN   TestNoticeHandler_Delete
=== RUN   TestNoticeHandler_Delete/Success
=== RUN   TestNoticeHandler_Delete/Invalid_ID
[2026-04-08 17:26:14] [[31mERROR[0m] Error deleting notice abc: all expectations were already fulfilled, call to ExecQuery 'DELETE FROM notice WHERE id = $1' with args [{Name: Ordinal:1 Value:abc}] was not expected
    notice_test.go:131: 
        	Error Trace:	/home/christian/proyects/el-bulk/backend/handlers/notice_test.go:131
        	Error:      	Not equal: 
        	            	expected: 400
        	            	actual  : 500
        	Test:       	TestNoticeHandler_Delete/Invalid_ID
--- FAIL: TestNoticeHandler_Delete (0.00s)
    --- PASS: TestNoticeHandler_Delete/Success (0.00s)
    --- FAIL: TestNoticeHandler_Delete/Invalid_ID (0.00s)
=== RUN   TestOrderHandler_Create
=== RUN   TestOrderHandler_Create/Success
=== RUN   TestOrderHandler_Create/Validation_Failure
=== RUN   TestOrderHandler_Create/Tx_Error
=== RUN   TestOrderHandler_Create/Customer_Upsert_Error
=== RUN   TestOrderHandler_Create/Create_Order_Error
--- PASS: TestOrderHandler_Create (0.00s)
    --- PASS: TestOrderHandler_Create/Success (0.00s)
    --- PASS: TestOrderHandler_Create/Validation_Failure (0.00s)
    --- PASS: TestOrderHandler_Create/Tx_Error (0.00s)
    --- PASS: TestOrderHandler_Create/Customer_Upsert_Error (0.00s)
    --- PASS: TestOrderHandler_Create/Create_Order_Error (0.00s)
=== RUN   TestOrderHandler_List
=== RUN   TestOrderHandler_List/List_Admin
--- PASS: TestOrderHandler_List (0.00s)
    --- PASS: TestOrderHandler_List/List_Admin (0.00s)
=== RUN   TestOrderHandler_GetDetail
=== RUN   TestOrderHandler_GetDetail/Success
[2026-04-08 17:26:14] [[33mWARN[0m] Decryption failed (returning original value): failed to decode base64: illegal base64 data at input byte 0
[2026-04-08 17:26:14] [[33mWARN[0m] Decryption failed (returning original value): failed to decode base64: illegal base64 data at input byte 4
[2026-04-08 17:26:14] [[33mWARN[0m] Decryption failed (returning original value): failed to decode base64: illegal base64 data at input byte 4
=== RUN   TestOrderHandler_GetDetail/DB_Error_GetDetail
--- PASS: TestOrderHandler_GetDetail (0.00s)
    --- PASS: TestOrderHandler_GetDetail/Success (0.00s)
    --- PASS: TestOrderHandler_GetDetail/DB_Error_GetDetail (0.00s)
=== RUN   TestOrderHandler_Update
=== RUN   TestOrderHandler_Update/Update_Status
    orders_test.go:242: 
        	Error Trace:	/home/christian/proyects/el-bulk/backend/handlers/orders_test.go:242
        	Error:      	Not equal: 
        	            	expected: 200
        	            	actual  : 500
        	Test:       	TestOrderHandler_Update/Update_Status
=== RUN   TestOrderHandler_Update/Tx_Error
--- FAIL: TestOrderHandler_Update (0.00s)
    --- FAIL: TestOrderHandler_Update/Update_Status (0.00s)
    --- PASS: TestOrderHandler_Update/Tx_Error (0.00s)
=== RUN   TestOrderHandler_Confirm
=== RUN   TestOrderHandler_Confirm/Success
[2026-04-08 17:26:14] [[33mWARN[0m] Decryption failed (returning original value): failed to decode base64: illegal base64 data at input byte 0
=== RUN   TestOrderHandler_Confirm/Insufficient_Stock
[2026-04-08 17:26:14] [[31mERROR[0m] Confirm order SP failed: Insufficient stock
=== RUN   TestOrderHandler_Confirm/Tx_Error
[2026-04-08 17:26:14] [[31mERROR[0m] Confirm order SP failed: db error
--- PASS: TestOrderHandler_Confirm (0.00s)
    --- PASS: TestOrderHandler_Confirm/Success (0.00s)
    --- PASS: TestOrderHandler_Confirm/Insufficient_Stock (0.00s)
    --- PASS: TestOrderHandler_Confirm/Tx_Error (0.00s)
=== RUN   TestProductHandler_BulkCreate_Errors
=== RUN   TestProductHandler_BulkCreate_Errors/SP_Error
    product_extra_test.go:38: 
        	Error Trace:	/home/christian/proyects/el-bulk/backend/handlers/product_extra_test.go:38
        	Error:      	Not equal: 
        	            	expected: 500
        	            	actual  : 400
        	Test:       	TestProductHandler_BulkCreate_Errors/SP_Error
--- FAIL: TestProductHandler_BulkCreate_Errors (0.00s)
    --- FAIL: TestProductHandler_BulkCreate_Errors/SP_Error (0.00s)
=== RUN   TestProductHandler_UpdateStorage_Errors
=== RUN   TestProductHandler_UpdateStorage_Errors/Tx_Begin_Error
[2026-04-08 17:26:14] [[31mERROR[0m] UpdateStorage p1 failed: tx error
=== RUN   TestProductHandler_UpdateStorage_Errors/Delete_Error
[2026-04-08 17:26:14] [[31mERROR[0m] UpdateStorage p1 failed: db error
--- PASS: TestProductHandler_UpdateStorage_Errors (0.00s)
    --- PASS: TestProductHandler_UpdateStorage_Errors/Tx_Begin_Error (0.00s)
    --- PASS: TestProductHandler_UpdateStorage_Errors/Delete_Error (0.00s)
=== RUN   TestProductHandler_Delete_Errors
=== RUN   TestProductHandler_Delete_Errors/DB_Error
[2026-04-08 17:26:14] [[31mERROR[0m] Delete product p1 failed: db error
--- PASS: TestProductHandler_Delete_Errors (0.00s)
    --- PASS: TestProductHandler_Delete_Errors/DB_Error (0.00s)
=== RUN   TestProductHandler_ListTCGs
=== RUN   TestProductHandler_ListTCGs/Success
=== RUN   TestProductHandler_ListTCGs/List_Error
[2026-04-08 17:26:14] [[31mERROR[0m] List TCGs failed: db error
--- PASS: TestProductHandler_ListTCGs (0.00s)
    --- PASS: TestProductHandler_ListTCGs/Success (0.00s)
    --- PASS: TestProductHandler_ListTCGs/List_Error (0.00s)
=== RUN   TestProductHandler_BulkCreate_Extra
=== RUN   TestProductHandler_BulkCreate_Extra/Skip_Invalid
    product_extra_test.go:149: 
        	Error Trace:	/home/christian/proyects/el-bulk/backend/handlers/product_extra_test.go:149
        	Error:      	Not equal: 
        	            	expected: 200
        	            	actual  : 400
        	Test:       	TestProductHandler_BulkCreate_Extra/Skip_Invalid
=== RUN   TestProductHandler_BulkCreate_Extra/Insert_Error
    product_extra_test.go:161: 
        	Error Trace:	/home/christian/proyects/el-bulk/backend/handlers/product_extra_test.go:161
        	Error:      	Not equal: 
        	            	expected: 500
        	            	actual  : 400
        	Test:       	TestProductHandler_BulkCreate_Extra/Insert_Error
--- FAIL: TestProductHandler_BulkCreate_Extra (0.00s)
    --- FAIL: TestProductHandler_BulkCreate_Extra/Skip_Invalid (0.00s)
    --- FAIL: TestProductHandler_BulkCreate_Extra/Insert_Error (0.00s)
=== RUN   TestProductHandler_List_FiltersInactiveTCG
[2026-04-08 17:26:14] [[31mERROR[0m] List products failed: Query: could not match actual sql: "SELECT ps.product_id, s.id as stored_in_id, s.name, ps.quantity FROM product_storage ps JOIN storage_location s ON ps.storage_id = s.id WHERE ps.quantity > 0 AND ps.product_id IN ($1)" with expected regexp "(?i)SELECT fn_get_product_facets"
    product_filter_test.go:46: 
        	Error Trace:	/home/christian/proyects/el-bulk/backend/handlers/product_filter_test.go:46
        	Error:      	Not equal: 
        	            	expected: 200
        	            	actual  : 500
        	Test:       	TestProductHandler_List_FiltersInactiveTCG
--- FAIL: TestProductHandler_List_FiltersInactiveTCG (0.00s)
=== RUN   TestProductHandler_GetByID_Public_FiltersInactiveTCG
[2026-04-08 17:26:14] [[31mERROR[0m] Get product 123 failed: Query: could not match actual sql: "SELECT fn_get_product_detail($1)" with expected regexp "(?i)SELECT .* FROM product p"
--- PASS: TestProductHandler_GetByID_Public_FiltersInactiveTCG (0.00s)
=== RUN   TestProductHandler_BuildFilters_Comprehensive
=== RUN   TestProductHandler_BuildFilters_Comprehensive/Multiple_Filters
⚠️ Setting table error: Query: could not match actual sql: "SELECT key, value FROM setting" with expected regexp "SELECT COUNT\(\*\) FROM product p" (using defaults)
[2026-04-08 17:26:14] [[31mERROR[0m] List products failed: Query: could not match actual sql: "SELECT ps.product_id, s.id as stored_in_id, s.name, ps.quantity FROM product_storage ps JOIN storage_location s ON ps.storage_id = s.id WHERE ps.quantity > 0 AND ps.product_id IN ($1)" with expected regexp "SELECT key, value FROM setting"
    product_filters_comprehensive_test.go:50: 
        	Error Trace:	/home/christian/proyects/el-bulk/backend/handlers/product_filters_comprehensive_test.go:50
        	Error:      	Not equal: 
        	            	expected: 200
        	            	actual  : 500
        	Test:       	TestProductHandler_BuildFilters_Comprehensive/Multiple_Filters
=== RUN   TestProductHandler_BuildFilters_Comprehensive/Color_Filter
⚠️ Setting table error: Query: could not match actual sql: "SELECT key, value FROM setting" with expected regexp "SELECT COUNT\(\*\) FROM product p" (using defaults)
[2026-04-08 17:26:14] [[31mERROR[0m] List products failed: Query: could not match actual sql: "SELECT ps.product_id, s.id as stored_in_id, s.name, ps.quantity FROM product_storage ps JOIN storage_location s ON ps.storage_id = s.id WHERE ps.quantity > 0 AND ps.product_id IN ($1)" with expected regexp "SELECT key, value FROM setting"
    product_filters_comprehensive_test.go:50: 
        	Error Trace:	/home/christian/proyects/el-bulk/backend/handlers/product_filters_comprehensive_test.go:50
        	Error:      	Not equal: 
        	            	expected: 200
        	            	actual  : 500
        	Test:       	TestProductHandler_BuildFilters_Comprehensive/Color_Filter
=== RUN   TestProductHandler_BuildFilters_Comprehensive/Storage_Filter
⚠️ Setting table error: Query: could not match actual sql: "SELECT key, value FROM setting" with expected regexp "SELECT COUNT\(\*\) FROM product p" (using defaults)
[2026-04-08 17:26:14] [[31mERROR[0m] List products failed: Query: could not match actual sql: "SELECT ps.product_id, s.id as stored_in_id, s.name, ps.quantity FROM product_storage ps JOIN storage_location s ON ps.storage_id = s.id WHERE ps.quantity > 0 AND ps.product_id IN ($1)" with expected regexp "SELECT key, value FROM setting"
    product_filters_comprehensive_test.go:50: 
        	Error Trace:	/home/christian/proyects/el-bulk/backend/handlers/product_filters_comprehensive_test.go:50
        	Error:      	Not equal: 
        	            	expected: 200
        	            	actual  : 500
        	Test:       	TestProductHandler_BuildFilters_Comprehensive/Storage_Filter
=== RUN   TestProductHandler_BuildFilters_Comprehensive/Collection_Filter
⚠️ Setting table error: Query: could not match actual sql: "SELECT key, value FROM setting" with expected regexp "SELECT COUNT\(\*\) FROM product p" (using defaults)
[2026-04-08 17:26:14] [[31mERROR[0m] List products failed: Query: could not match actual sql: "SELECT ps.product_id, s.id as stored_in_id, s.name, ps.quantity FROM product_storage ps JOIN storage_location s ON ps.storage_id = s.id WHERE ps.quantity > 0 AND ps.product_id IN ($1)" with expected regexp "SELECT key, value FROM setting"
    product_filters_comprehensive_test.go:50: 
        	Error Trace:	/home/christian/proyects/el-bulk/backend/handlers/product_filters_comprehensive_test.go:50
        	Error:      	Not equal: 
        	            	expected: 200
        	            	actual  : 500
        	Test:       	TestProductHandler_BuildFilters_Comprehensive/Collection_Filter
=== RUN   TestProductHandler_BuildFilters_Comprehensive/Treatment_Filter
⚠️ Setting table error: Query: could not match actual sql: "SELECT key, value FROM setting" with expected regexp "SELECT COUNT\(\*\) FROM product p" (using defaults)
[2026-04-08 17:26:14] [[31mERROR[0m] List products failed: Query: could not match actual sql: "SELECT ps.product_id, s.id as stored_in_id, s.name, ps.quantity FROM product_storage ps JOIN storage_location s ON ps.storage_id = s.id WHERE ps.quantity > 0 AND ps.product_id IN ($1)" with expected regexp "SELECT key, value FROM setting"
    product_filters_comprehensive_test.go:50: 
        	Error Trace:	/home/christian/proyects/el-bulk/backend/handlers/product_filters_comprehensive_test.go:50
        	Error:      	Not equal: 
        	            	expected: 200
        	            	actual  : 500
        	Test:       	TestProductHandler_BuildFilters_Comprehensive/Treatment_Filter
--- FAIL: TestProductHandler_BuildFilters_Comprehensive (0.00s)
    --- FAIL: TestProductHandler_BuildFilters_Comprehensive/Multiple_Filters (0.00s)
    --- FAIL: TestProductHandler_BuildFilters_Comprehensive/Color_Filter (0.00s)
    --- FAIL: TestProductHandler_BuildFilters_Comprehensive/Storage_Filter (0.00s)
    --- FAIL: TestProductHandler_BuildFilters_Comprehensive/Collection_Filter (0.00s)
    --- FAIL: TestProductHandler_BuildFilters_Comprehensive/Treatment_Filter (0.00s)
=== RUN   TestProductHandler_AdminVsPublic
=== RUN   TestProductHandler_AdminVsPublic/Public_Joins_TCGs
⚠️ Setting table error: Query: could not match actual sql: "SELECT key, value FROM setting" with expected regexp "(?i)SELECT COUNT\(\*\) FROM product p LEFT JOIN tcg t" (using defaults)
[2026-04-08 17:26:14] [[31mERROR[0m] List products failed: Query: could not match actual sql: "SELECT ps.product_id, s.id as stored_in_id, s.name, ps.quantity FROM product_storage ps JOIN storage_location s ON ps.storage_id = s.id WHERE ps.quantity > 0 AND ps.product_id IN ($1)" with expected regexp "SELECT key, value FROM setting"
    product_filters_comprehensive_test.go:87: 
        	Error Trace:	/home/christian/proyects/el-bulk/backend/handlers/product_filters_comprehensive_test.go:87
        	Error:      	Not equal: 
        	            	expected: 200
        	            	actual  : 500
        	Test:       	TestProductHandler_AdminVsPublic/Public_Joins_TCGs
=== RUN   TestProductHandler_AdminVsPublic/Admin_No_Joins
⚠️ Setting table error: Query: could not match actual sql: "SELECT key, value FROM setting" with expected regexp "(?i)SELECT COUNT\(\*\) FROM product p" (using defaults)
[2026-04-08 17:26:14] [[31mERROR[0m] List products failed: Query: could not match actual sql: "SELECT ps.product_id, s.id as stored_in_id, s.name, ps.quantity FROM product_storage ps JOIN storage_location s ON ps.storage_id = s.id WHERE ps.quantity > 0 AND ps.product_id IN ($1)" with expected regexp "SELECT key, value FROM setting"
    product_filters_comprehensive_test.go:115: 
        	Error Trace:	/home/christian/proyects/el-bulk/backend/handlers/product_filters_comprehensive_test.go:115
        	Error:      	Not equal: 
        	            	expected: 200
        	            	actual  : 500
        	Test:       	TestProductHandler_AdminVsPublic/Admin_No_Joins
--- FAIL: TestProductHandler_AdminVsPublic (0.00s)
    --- FAIL: TestProductHandler_AdminVsPublic/Public_Joins_TCGs (0.00s)
    --- FAIL: TestProductHandler_AdminVsPublic/Admin_No_Joins (0.00s)
=== RUN   TestProductHandler_List
=== RUN   TestProductHandler_List/Basic_List
⚠️ Setting table error: Query: could not match actual sql: "SELECT key, value FROM setting" with expected regexp "(?i)SELECT COUNT\(\*\) FROM product p" (using defaults)
[2026-04-08 17:26:14] [[31mERROR[0m] List products failed: Query: could not match actual sql: "SELECT ps.product_id, s.id as stored_in_id, s.name, ps.quantity FROM product_storage ps JOIN storage_location s ON ps.storage_id = s.id WHERE ps.quantity > 0 AND ps.product_id IN ($1)" with expected regexp "(?i)SELECT key, value FROM setting"
    products_test.go:54: 
        	Error Trace:	/home/christian/proyects/el-bulk/backend/handlers/products_test.go:54
        	Error:      	Not equal: 
        	            	expected: 200
        	            	actual  : 500
        	Test:       	TestProductHandler_List/Basic_List
    products_test.go:58: 
        	Error Trace:	/home/christian/proyects/el-bulk/backend/handlers/products_test.go:58
        	Error:      	"[]" should have 1 item(s), but has 0
        	Test:       	TestProductHandler_List/Basic_List
--- FAIL: TestProductHandler_List (0.00s)
    --- FAIL: TestProductHandler_List/Basic_List (0.00s)
=== RUN   TestProductHandler_GetByID
=== RUN   TestProductHandler_GetByID/Found
⚠️ Setting table error: Query: could not match actual sql: "SELECT key, value FROM setting" with expected regexp "(?i)SELECT COALESCE\(t\.is_active, true\) FROM product p" (using defaults)
[2026-04-08 17:26:14] [[31mERROR[0m] Get product p1 failed: Query: could not match actual sql: "SELECT fn_get_product_detail($1)" with expected regexp "(?i)SELECT COALESCE\(t\.is_active, true\) FROM product p"
    products_test.go:90: 
        	Error Trace:	/home/christian/proyects/el-bulk/backend/handlers/products_test.go:90
        	Error:      	Not equal: 
        	            	expected: 200
        	            	actual  : 404
        	Test:       	TestProductHandler_GetByID/Found
=== RUN   TestProductHandler_GetByID/Not_Found
⚠️ Setting table error: Query: could not match actual sql: "SELECT key, value FROM setting" with expected regexp "(?i)SELECT COALESCE\(t\.is_active, true\) FROM product p" (using defaults)
[2026-04-08 17:26:14] [[31mERROR[0m] Get product p99 failed: Query: could not match actual sql: "SELECT fn_get_product_detail($1)" with expected regexp "(?i)SELECT COALESCE\(t\.is_active, true\) FROM product p"
--- FAIL: TestProductHandler_GetByID (0.00s)
    --- FAIL: TestProductHandler_GetByID/Found (0.00s)
    --- PASS: TestProductHandler_GetByID/Not_Found (0.00s)
=== RUN   TestProductHandler_Create
=== RUN   TestProductHandler_Create/Success
⚠️ Setting table error: Query: could not match actual sql: "SELECT key, value FROM setting" with expected regexp "INSERT INTO product .*" (using defaults)
[2026-04-08 17:26:14] [[31mERROR[0m] Create product failed: Query: could not match actual sql: "SELECT ps.product_id, s.id as stored_in_id, s.name, ps.quantity FROM product_storage ps JOIN storage_location s ON ps.storage_id = s.id WHERE ps.quantity > 0 AND ps.product_id IN ($1)" with expected regexp "(?i)SELECT key, value FROM setting"
    products_test.go:144: 
        	Error Trace:	/home/christian/proyects/el-bulk/backend/handlers/products_test.go:144
        	Error:      	Not equal: 
        	            	expected: 201
        	            	actual  : 500
        	Test:       	TestProductHandler_Create/Success
--- FAIL: TestProductHandler_Create (0.00s)
    --- FAIL: TestProductHandler_Create/Success (0.00s)
=== RUN   TestProductHandler_Update
=== RUN   TestProductHandler_Update/Success
⚠️ Setting table error: Query: could not match actual sql: "SELECT key, value FROM setting" with expected regexp "(?i)UPDATE product" (using defaults)
[2026-04-08 17:26:14] [[31mERROR[0m] Update product p1 failed: Query: could not match actual sql: "SELECT ps.product_id, s.id as stored_in_id, s.name, ps.quantity FROM product_storage ps JOIN storage_location s ON ps.storage_id = s.id WHERE ps.quantity > 0 AND ps.product_id IN ($1)" with expected regexp "(?i)SELECT key, value FROM setting"
    products_test.go:185: 
        	Error Trace:	/home/christian/proyects/el-bulk/backend/handlers/products_test.go:185
        	Error:      	Not equal: 
        	            	expected: 200
        	            	actual  : 404
        	Test:       	TestProductHandler_Update/Success
--- FAIL: TestProductHandler_Update (0.00s)
    --- FAIL: TestProductHandler_Update/Success (0.00s)
=== RUN   TestProductHandler_Delete
=== RUN   TestProductHandler_Delete/Success
--- PASS: TestProductHandler_Delete (0.00s)
    --- PASS: TestProductHandler_Delete/Success (0.00s)
=== RUN   TestProductHandler_BulkCreate
=== RUN   TestProductHandler_BulkCreate/Success
    products_test.go:239: 
        	Error Trace:	/home/christian/proyects/el-bulk/backend/handlers/products_test.go:239
        	Error:      	Not equal: 
        	            	expected: 200
        	            	actual  : 400
        	Test:       	TestProductHandler_BulkCreate/Success
--- FAIL: TestProductHandler_BulkCreate (0.00s)
    --- FAIL: TestProductHandler_BulkCreate/Success (0.00s)
=== RUN   TestProductHandler_GetStorage
=== RUN   TestProductHandler_GetStorage/Success
--- PASS: TestProductHandler_GetStorage (0.00s)
    --- PASS: TestProductHandler_GetStorage/Success (0.00s)
=== RUN   TestProductHandler_UpdateStorage
=== RUN   TestProductHandler_UpdateStorage/Success
--- PASS: TestProductHandler_UpdateStorage (0.00s)
    --- PASS: TestProductHandler_UpdateStorage/Success (0.00s)
=== RUN   TestRefreshHandler_RunPriceRefresh
=== RUN   TestRefreshHandler_RunPriceRefresh/Success
[2026-04-08 17:26:14] [[31mERROR[0m] [price-refresh] Bulk DB update failed for chunk 0-2: ExecQuery '
			UPDATE product AS p SET 
				price_reference = COALESCE(v.price_reference, p.price_reference),
				legalities = COALESCE(v.legalities, p.legalities),
				oracle_text = COALESCE(v.oracle_text, p.oracle_text),
				scryfall_id = COALESCE(v.scryfall_id, p.scryfall_id),
				type_line = COALESCE(v.type_line, p.type_line),
				image_url = COALESCE(v.image_url, p.image_url),
				updated_at = now()
			FROM (VALUES 
		($1::uuid, $2::numeric, $3::jsonb, $4::text, $5::uuid, $6::text, $7::text), ($8::uuid, $9::numeric, $10::jsonb, $11::text, $12::uuid, $13::text, $14::text)) AS v(id, price_reference, legalities, oracle_text, scryfall_id, type_line, image_url) WHERE p.id = v.id', arguments do not match: argument 3 expected [string - Black Lotus] does not match actual [string - ]
[2026-04-08 17:26:14] [[32mINFO[0m] [price-refresh] complete: 0 updated, 2 errors
    refresh_test.go:92: 
        	Error Trace:	/home/christian/proyects/el-bulk/backend/handlers/refresh_test.go:92
        	Error:      	Not equal: 
        	            	expected: 2
        	            	actual  : 0
        	Test:       	TestRefreshHandler_RunPriceRefresh/Success
    refresh_test.go:93: 
        	Error Trace:	/home/christian/proyects/el-bulk/backend/handlers/refresh_test.go:93
        	Error:      	Not equal: 
        	            	expected: 0
        	            	actual  : 2
        	Test:       	TestRefreshHandler_RunPriceRefresh/Success
    refresh_test.go:94: 
        	Error Trace:	/home/christian/proyects/el-bulk/backend/handlers/refresh_test.go:94
        	Error:      	Received unexpected error:
        	            	there is a remaining expectation which was not matched: ExpectedExec => expecting Exec or ExecContext which:
        	            	  - matches sql: 'UPDATE product AS p SET'
        	            	  - is with arguments:
        	            	    0 - 550e8400-e29b-41d4-a716-446655440000
        	            	    1 - 50000
        	            	    2 - {}
        	            	    3 - Black Lotus
        	            	    4 - {}
        	            	    5 - {}
        	            	    6 - {}
        	            	    7 - 550e8400-e29b-41d4-a716-446655440001
        	            	    8 - 10000
        	            	    9 - {}
        	            	    10 - Mox Pearl
        	            	    11 - {}
        	            	    12 - {}
        	            	    13 - {}
        	            	  - should return Result having:
        	            	      LastInsertId: 0
        	            	      RowsAffected: 2
        	Test:       	TestRefreshHandler_RunPriceRefresh/Success
=== RUN   TestRefreshHandler_RunPriceRefresh/NoProducts
[2026-04-08 17:26:14] [[31mERROR[0m] [price-refresh] failed to query products: call to Query '
		SELECT id, tcg, name, set_code, foil_treatment, price_source
		FROM product
		WHERE price_source IN ('tcgplayer', 'cardmarket')
	' with args [], was not expected, next expectation is: ExpectedExec => expecting Exec or ExecContext which:
  - matches sql: 'UPDATE product AS p SET'
  - is with arguments:
    0 - 550e8400-e29b-41d4-a716-446655440000
    1 - 50000
    2 - {}
    3 - Black Lotus
    4 - {}
    5 - {}
    6 - {}
    7 - 550e8400-e29b-41d4-a716-446655440001
    8 - 10000
    9 - {}
    10 - Mox Pearl
    11 - {}
    12 - {}
    13 - {}
  - should return Result having:
      LastInsertId: 0
      RowsAffected: 2
    refresh_test.go:104: 
        	Error Trace:	/home/christian/proyects/el-bulk/backend/handlers/refresh_test.go:104
        	Error:      	Not equal: 
        	            	expected: 0
        	            	actual  : 1
        	Test:       	TestRefreshHandler_RunPriceRefresh/NoProducts
    refresh_test.go:105: 
        	Error Trace:	/home/christian/proyects/el-bulk/backend/handlers/refresh_test.go:105
        	Error:      	Received unexpected error:
        	            	there is a remaining expectation which was not matched: ExpectedExec => expecting Exec or ExecContext which:
        	            	  - matches sql: 'UPDATE product AS p SET'
        	            	  - is with arguments:
        	            	    0 - 550e8400-e29b-41d4-a716-446655440000
        	            	    1 - 50000
        	            	    2 - {}
        	            	    3 - Black Lotus
        	            	    4 - {}
        	            	    5 - {}
        	            	    6 - {}
        	            	    7 - 550e8400-e29b-41d4-a716-446655440001
        	            	    8 - 10000
        	            	    9 - {}
        	            	    10 - Mox Pearl
        	            	    11 - {}
        	            	    12 - {}
        	            	    13 - {}
        	            	  - should return Result having:
        	            	      LastInsertId: 0
        	            	      RowsAffected: 2
        	Test:       	TestRefreshHandler_RunPriceRefresh/NoProducts
=== RUN   TestRefreshHandler_RunPriceRefresh/DB_Error
[2026-04-08 17:26:14] [[31mERROR[0m] [price-refresh] failed to query products: call to Query '
		SELECT id, tcg, name, set_code, foil_treatment, price_source
		FROM product
		WHERE price_source IN ('tcgplayer', 'cardmarket')
	' with args [], was not expected, next expectation is: ExpectedExec => expecting Exec or ExecContext which:
  - matches sql: 'UPDATE product AS p SET'
  - is with arguments:
    0 - 550e8400-e29b-41d4-a716-446655440000
    1 - 50000
    2 - {}
    3 - Black Lotus
    4 - {}
    5 - {}
    6 - {}
    7 - 550e8400-e29b-41d4-a716-446655440001
    8 - 10000
    9 - {}
    10 - Mox Pearl
    11 - {}
    12 - {}
    13 - {}
  - should return Result having:
      LastInsertId: 0
      RowsAffected: 2
=== RUN   TestRefreshHandler_RunPriceRefresh/HTTP_Error
[2026-04-08 17:26:14] [[31mERROR[0m] [price-refresh] failed to query products: call to Query '
		SELECT id, tcg, name, set_code, foil_treatment, price_source
		FROM product
		WHERE price_source IN ('tcgplayer', 'cardmarket')
	' with args [], was not expected, next expectation is: ExpectedExec => expecting Exec or ExecContext which:
  - matches sql: 'UPDATE product AS p SET'
  - is with arguments:
    0 - 550e8400-e29b-41d4-a716-446655440000
    1 - 50000
    2 - {}
    3 - Black Lotus
    4 - {}
    5 - {}
    6 - {}
    7 - 550e8400-e29b-41d4-a716-446655440001
    8 - 10000
    9 - {}
    10 - Mox Pearl
    11 - {}
    12 - {}
    13 - {}
  - should return Result having:
      LastInsertId: 0
      RowsAffected: 2
--- FAIL: TestRefreshHandler_RunPriceRefresh (0.07s)
    --- FAIL: TestRefreshHandler_RunPriceRefresh/Success (0.07s)
    --- FAIL: TestRefreshHandler_RunPriceRefresh/NoProducts (0.00s)
    --- PASS: TestRefreshHandler_RunPriceRefresh/DB_Error (0.00s)
    --- PASS: TestRefreshHandler_RunPriceRefresh/HTTP_Error (0.00s)
=== RUN   TestRefreshHandler_Trigger
[2026-04-08 17:26:14] [[32mINFO[0m] [price-refresh] no products with external price source, skipping
--- PASS: TestRefreshHandler_Trigger (0.00s)
=== RUN   TestCSRFProtection_Integration
=== RUN   TestCSRFProtection_Integration/Admin_POST_-_Missing_CSRF
=== RUN   TestCSRFProtection_Integration/User_POST_-_Missing_CSRF
=== RUN   TestCSRFProtection_Integration/Admin_GET_-_Missing_CSRF_(Allowed)
--- PASS: TestCSRFProtection_Integration (0.00s)
    --- PASS: TestCSRFProtection_Integration/Admin_POST_-_Missing_CSRF (0.00s)
    --- PASS: TestCSRFProtection_Integration/User_POST_-_Missing_CSRF (0.00s)
    --- PASS: TestCSRFProtection_Integration/Admin_GET_-_Missing_CSRF_(Allowed) (0.00s)
=== RUN   TestSettingsHandler_Get
=== RUN   TestSettingsHandler_Get/Success
=== RUN   TestSettingsHandler_Get/Defaults_on_Error
⚠️ Setting table error: assert.AnError general error for testing (using defaults)
--- PASS: TestSettingsHandler_Get (0.00s)
    --- PASS: TestSettingsHandler_Get/Success (0.00s)
    --- PASS: TestSettingsHandler_Get/Defaults_on_Error (0.00s)
=== RUN   TestSettingsHandler_Update
=== RUN   TestSettingsHandler_Update/Success
=== RUN   TestSettingsHandler_Update/Update_All_Fields
=== RUN   TestSettingsHandler_Update/Invalid_JSON
=== RUN   TestSettingsHandler_Update/DB_Error
--- PASS: TestSettingsHandler_Update (0.00s)
    --- PASS: TestSettingsHandler_Update/Success (0.00s)
    --- PASS: TestSettingsHandler_Update/Update_All_Fields (0.00s)
    --- PASS: TestSettingsHandler_Update/Invalid_JSON (0.00s)
    --- PASS: TestSettingsHandler_Update/DB_Error (0.00s)
=== RUN   TestStorageHandler_List
=== RUN   TestStorageHandler_List/Success
=== RUN   TestStorageHandler_List/DB_Error
--- PASS: TestStorageHandler_List (0.00s)
    --- PASS: TestStorageHandler_List/Success (0.00s)
    --- PASS: TestStorageHandler_List/DB_Error (0.00s)
=== RUN   TestStorageHandler_Create
=== RUN   TestStorageHandler_Create/Success
=== RUN   TestStorageHandler_Create/DB_Error
--- PASS: TestStorageHandler_Create (0.00s)
    --- PASS: TestStorageHandler_Create/Success (0.00s)
    --- PASS: TestStorageHandler_Create/DB_Error (0.00s)
=== RUN   TestStorageHandler_Update
=== RUN   TestStorageHandler_Update/Success
=== RUN   TestStorageHandler_Update/DB_Error
--- PASS: TestStorageHandler_Update (0.00s)
    --- PASS: TestStorageHandler_Update/Success (0.00s)
    --- PASS: TestStorageHandler_Update/DB_Error (0.00s)
=== RUN   TestStorageHandler_Delete
=== RUN   TestStorageHandler_Delete/Success
=== RUN   TestStorageHandler_Delete/DB_Error
--- PASS: TestStorageHandler_Delete (0.00s)
    --- PASS: TestStorageHandler_Delete/Success (0.00s)
    --- PASS: TestStorageHandler_Delete/DB_Error (0.00s)
=== RUN   TestTCGHandler_List
=== RUN   TestTCGHandler_List/Success
=== RUN   TestTCGHandler_List/Error
[2026-04-08 17:26:14] [[31mERROR[0m] Error listing TCGs for admin: db error
--- PASS: TestTCGHandler_List (0.00s)
    --- PASS: TestTCGHandler_List/Success (0.00s)
    --- PASS: TestTCGHandler_List/Error (0.00s)
=== RUN   TestTCGHandler_Create
=== RUN   TestTCGHandler_Create/Success
=== RUN   TestTCGHandler_Create/Invalid_JSON
=== RUN   TestTCGHandler_Create/Missing_Fields
=== RUN   TestTCGHandler_Create/DB_Error
[2026-04-08 17:26:14] [[31mERROR[0m] Error creating TCG: conflict
--- PASS: TestTCGHandler_Create (0.00s)
    --- PASS: TestTCGHandler_Create/Success (0.00s)
    --- PASS: TestTCGHandler_Create/Invalid_JSON (0.00s)
    --- PASS: TestTCGHandler_Create/Missing_Fields (0.00s)
    --- PASS: TestTCGHandler_Create/DB_Error (0.00s)
=== RUN   TestTCGHandler_Update
=== RUN   TestTCGHandler_Update/Success
=== RUN   TestTCGHandler_Update/DB_Error_(Not_Found)
[2026-04-08 17:26:14] [[31mERROR[0m] Error updating TCG mtg: not found
--- PASS: TestTCGHandler_Update (0.00s)
    --- PASS: TestTCGHandler_Update/Success (0.00s)
    --- PASS: TestTCGHandler_Update/DB_Error_(Not_Found) (0.00s)
=== RUN   TestTCGHandler_Delete
=== RUN   TestTCGHandler_Delete/Success
[2026-04-08 17:26:14] [[32mINFO[0m] [TCG_DELETE] 📥 Received DELETE request for ID: mtg
[2026-04-08 17:26:14] [[32mINFO[0m] [TCG_DELETE] Checking products for mtg: count=0
=== RUN   TestTCGHandler_Delete/Conflict
[2026-04-08 17:26:14] [[32mINFO[0m] [TCG_DELETE] 📥 Received DELETE request for ID: mtg
[2026-04-08 17:26:14] [[32mINFO[0m] [TCG_DELETE] Checking products for mtg: count=1
=== RUN   TestTCGHandler_Delete/DB_Error_Checking
[2026-04-08 17:26:14] [[32mINFO[0m] [TCG_DELETE] 📥 Received DELETE request for ID: mtg
[2026-04-08 17:26:14] [[32mINFO[0m] [TCG_DELETE] Checking products for mtg: count=0
=== RUN   TestTCGHandler_Delete/DB_Error_Deleting
[2026-04-08 17:26:14] [[32mINFO[0m] [TCG_DELETE] 📥 Received DELETE request for ID: mtg
[2026-04-08 17:26:14] [[32mINFO[0m] [TCG_DELETE] Checking products for mtg: count=0
[2026-04-08 17:26:14] [[31mERROR[0m] Error deleting TCG mtg: db error
--- PASS: TestTCGHandler_Delete (0.00s)
    --- PASS: TestTCGHandler_Delete/Success (0.00s)
    --- PASS: TestTCGHandler_Delete/Conflict (0.00s)
    --- PASS: TestTCGHandler_Delete/DB_Error_Checking (0.00s)
    --- PASS: TestTCGHandler_Delete/DB_Error_Deleting (0.00s)
FAIL
FAIL	github.com/el-bulk/backend/handlers	10.587s
FAIL
